// Jest Snapshot v1, https://goo.gl/fbAQLP

exports[`Job details page test render empty component 1`] = `null`;
